// Jest Snapshot v1, https://goo.gl/fbAQLP

exports[`CategoryService Snapshot Tests should match snapshot for getAll() 1`] = `
[
  {
    "description": "snap test",
    "image": "snap.jpg",
    "name": "SnapCat",
  },
]
`;

exports[`CategoryService Snapshot Tests should match snapshot with empty result 1`] = `[]`;

exports[`CategoryService Snapshot Tests should match snapshot with long description 1`] = `
[
  {
    "description": "lorem lorem lorem lorem lorem lorem lorem lorem lorem lorem lorem lorem lorem lorem lorem lorem lorem lorem lorem lorem lorem lorem lorem lorem lorem lorem lorem lorem lorem lorem lorem lorem lorem lorem lorem lorem lorem lorem lorem lorem lorem lorem lorem lorem lorem lorem lorem lorem lorem lorem ",
    "image": "img.jpg",
    "name": "LongDesc",
  },
]
`;

exports[`CategoryService Snapshot Tests should match snapshot with multiple categories 1`] = `
[
  {
    "description": "one",
    "image": "a.jpg",
    "name": "A",
  },
  {
    "description": "two",
    "image": "b.jpg",
    "name": "B",
  },
]
`;

exports[`CategoryService Snapshot Tests should match snapshot with null image 1`] = `
[
  {
    "description": "test",
    "image": null,
    "name": "NullImage",
  },
]
`;

exports[`CategoryService Snapshot Tests should match snapshot with special unicode values 1`] = `
[
  {
    "description": "üß†üïπÔ∏èüéÆ",
    "image": "img.jpg",
    "name": "„Ç´„ÉÜ„Ç¥„É™",
  },
]
`;
